Starting thread...
Thread started
GA Init: pop_size=50, generations=100
Finalizing optimization...
Loaded items and warehouse config
Converted list solution to numpy array (602 items)
Running PyBullet Physics Settlement with Layers: [0.0, 3.3333333333333335, 6.666666666666667]...
Skipping PyBullet Physics Settlement (Bypassed)...
Calculated fitness: 0.11376931644314318, Space=0.004293653485375001, Acc=0.037310414506393934, Stab=1.0
Saved solution to DB
Starting thread...
Thread started
GA Init: pop_size=50, generations=100
Finalizing optimization...
Loaded items and warehouse config
Converted list solution to numpy array (602 items)
Running PyBullet Physics Settlement with Layers: [0.0, 3.3333333333333335, 6.666666666666667]...
Skipping PyBullet Physics Settlement (Bypassed)...
Calculated fitness: 0.11376931644314318, Space=0.004293653485375001, Acc=0.037310414506393934, Stab=1.0
Saved solution to DB
Starting thread...
Thread started
GA Init: pop_size=50, generations=100
Finalizing optimization...
Loaded items and warehouse config
Converted list solution to numpy array (1002 items)
Running PyBullet Physics Settlement with Layers: [0.0, 3.3333333333333335, 6.666666666666667]...
Skipping PyBullet Physics Settlement (Bypassed)...
Calculated fitness: 0.00028784823938201264, Space=0.007236916298875, Acc=0.03522633855755213, Stab=1.0
Saved solution to DB
Starting thread...
Thread started
GA Init: pop_size=50, generations=100
Finalizing optimization...
Loaded items and warehouse config
Converted list solution to numpy array (1002 items)
Running PyBullet Physics Settlement with Layers: [0.0, 3.3333333333333335, 6.666666666666667]...
Skipping PyBullet Physics Settlement (Bypassed)...
Calculated fitness: 0.0822903215982524, Space=0.007236916298875, Acc=0.03708758153074718, Stab=0.998003992015968
Saved solution to DB
Starting thread...
Thread started
GA Init: pop_size=50, generations=100
Finalizing optimization...
Loaded items and warehouse config
Converted list solution to numpy array (1202 items)
Running PyBullet Physics Settlement with Layers: [0.0, 3.3333333333333335, 6.666666666666667]...
Skipping PyBullet Physics Settlement (Bypassed)...
Calculated fitness: 0.07485066357969793, Space=0.008678292831125, Acc=0.03756660213408616, Stab=0.9966722129783694
Saved solution to DB
